MPLINK 5.09, LINKER
Linker Map File - Created Fri Nov 16 10:09:56 2018

                                 Section Info
                  Section       Type    Address   Location Size(Bytes)
                ---------  ---------  ---------  ---------  ---------
                      rst       code   0x000000    program   0x000004
                   .cinit    romdata   0x000004    program   0x000002
                   int_hi       code   0x000008    program   0x00000a
                     main       code   0x000012    program   0x000134
                      hex       code   0x000146    program   0x00012e
                      LCD       code   0x000274    program   0x00011e
                      ADC       code   0x000392    program   0x0000b0
                     UART       code   0x000442    program   0x000028
                    pdata       code   0x00046a    program   0x00000e
.config_300000_BUILD/DEFAULT/PRODUCTION/CONFIG.    romdata   0x300000    program   0x000001
.config_300001_BUILD/DEFAULT/PRODUCTION/CONFIG.    romdata   0x300001    program   0x000001
.config_300002_BUILD/DEFAULT/PRODUCTION/CONFIG.    romdata   0x300002    program   0x000001
.config_300003_BUILD/DEFAULT/PRODUCTION/CONFIG.    romdata   0x300003    program   0x000001
.config_300004_BUILD/DEFAULT/PRODUCTION/CONFIG.    romdata   0x300004    program   0x000001
.config_300005_BUILD/DEFAULT/PRODUCTION/CONFIG.    romdata   0x300005    program   0x000001
.config_300006_BUILD/DEFAULT/PRODUCTION/CONFIG.    romdata   0x300006    program   0x000001
.config_300008_BUILD/DEFAULT/PRODUCTION/CONFIG.    romdata   0x300008    program   0x000001
.config_300009_BUILD/DEFAULT/PRODUCTION/CONFIG.    romdata   0x300009    program   0x000001
.config_30000A_BUILD/DEFAULT/PRODUCTION/CONFIG.    romdata   0x30000a    program   0x000001
.config_30000B_BUILD/DEFAULT/PRODUCTION/CONFIG.    romdata   0x30000b    program   0x000001
.config_30000C_BUILD/DEFAULT/PRODUCTION/CONFIG.    romdata   0x30000c    program   0x000001
.config_30000D_BUILD/DEFAULT/PRODUCTION/CONFIG.    romdata   0x30000d    program   0x000001
                     acs0      udata   0x000000       data   0x000031
                  acs_ovr      udata   0x000031       data   0x000002



                              Program Memory Usage 
                               Start         End      
                           ---------   ---------      
                            0x000000    0x000005      
                            0x000008    0x000477      
                            0x300000    0x300006      
                            0x300008    0x30000d      
            1155 out of 132120 program addresses used, program memory utilization is 0%



                              Symbols - Sorted by Name
                     Name    Address   Location    Storage File                     
                ---------  ---------  ---------  --------- ---------                
                ADC_Setup   0x000392    program     extern C:\Users\fsk16\MPLABXProjects\sleepmonitor\ADC_read.asm
                Hex_setup   0x000146    program     extern C:\Users\fsk16\MPLABXProjects\sleepmonitor\Hex_to_Decimal.asm
               LCD_Enable   0x000342    program     static C:\Users\fsk16\MPLABXProjects\sleepmonitor\LCD.asm
              LCD_Hex_Nib   0x0002e2    program     static C:\Users\fsk16\MPLABXProjects\sleepmonitor\LCD.asm
         LCD_Loop_message   0x0002f8    program     static C:\Users\fsk16\MPLABXProjects\sleepmonitor\LCD.asm
          LCD_Send_Byte_D   0x000320    program     static C:\Users\fsk16\MPLABXProjects\sleepmonitor\LCD.asm
          LCD_Send_Byte_I   0x000304    program     static C:\Users\fsk16\MPLABXProjects\sleepmonitor\LCD.asm
             LCD_Send_Nib   0x000312    program     static C:\Users\fsk16\MPLABXProjects\sleepmonitor\LCD.asm
                LCD_Setup   0x000274    program     extern C:\Users\fsk16\MPLABXProjects\sleepmonitor\LCD.asm
                  LCD_Top   0x0002ca    program     extern C:\Users\fsk16\MPLABXProjects\sleepmonitor\LCD.asm
            LCD_Write_Hex   0x0002d8    program     extern C:\Users\fsk16\MPLABXProjects\sleepmonitor\LCD.asm
        LCD_Write_Message   0x0002f6    program     extern C:\Users\fsk16\MPLABXProjects\sleepmonitor\LCD.asm
                LCD_delay   0x000388    program     static C:\Users\fsk16\MPLABXProjects\sleepmonitor\LCD.asm
             LCD_delay_ms   0x000366    program     static C:\Users\fsk16\MPLABXProjects\sleepmonitor\LCD.asm
           LCD_delay_x4us   0x000374    program     static C:\Users\fsk16\MPLABXProjects\sleepmonitor\LCD.asm
                   Read_x   0x0003a8    program     extern C:\Users\fsk16\MPLABXProjects\sleepmonitor\ADC_read.asm
                   Read_y   0x0003b4    program     extern C:\Users\fsk16\MPLABXProjects\sleepmonitor\ADC_read.asm
                   Read_z   0x0003c0    program     extern C:\Users\fsk16\MPLABXProjects\sleepmonitor\ADC_read.asm
        UART_Loop_message   0x000456    program     static C:\Users\fsk16\MPLABXProjects\sleepmonitor\UART.asm
               UART_Setup   0x000442    program     extern C:\Users\fsk16\MPLABXProjects\sleepmonitor\UART.asm
       UART_Transmit_Byte   0x000462    program     static C:\Users\fsk16\MPLABXProjects\sleepmonitor\UART.asm
    UART_Transmit_Message   0x000454    program     extern C:\Users\fsk16\MPLABXProjects\sleepmonitor\UART.asm
                 adc_loop   0x0003cc    program     static C:\Users\fsk16\MPLABXProjects\sleepmonitor\ADC_read.asm
                    delay   0x00026e    program     static C:\Users\fsk16\MPLABXProjects\sleepmonitor\Hex_to_Decimal.asm
          find_difference   0x000110    program     static C:\Users\fsk16\MPLABXProjects\sleepmonitor\Interrupt.asm
                 if_equal   0x000122    program     static C:\Users\fsk16\MPLABXProjects\sleepmonitor\Interrupt.asm
        initialize_second   0x0000e4    program     static C:\Users\fsk16\MPLABXProjects\sleepmonitor\Interrupt.asm
               jump_equal   0x000126    program     static C:\Users\fsk16\MPLABXProjects\sleepmonitor\Interrupt.asm
                   lcdlp1   0x00038a    program     static C:\Users\fsk16\MPLABXProjects\sleepmonitor\LCD.asm
                   lcdlp2   0x000368    program     static C:\Users\fsk16\MPLABXProjects\sleepmonitor\LCD.asm
                     loop   0x000046    program     static C:\Users\fsk16\MPLABXProjects\sleepmonitor\Interrupt.asm
                loop1sec0   0x000072    program     static C:\Users\fsk16\MPLABXProjects\sleepmonitor\Interrupt.asm
                loop1sec1   0x000088    program     static C:\Users\fsk16\MPLABXProjects\sleepmonitor\Interrupt.asm
               loop4times   0x000420    program     static C:\Users\fsk16\MPLABXProjects\sleepmonitor\ADC_read.asm
          loop_operations   0x00009a    program     static C:\Users\fsk16\MPLABXProjects\sleepmonitor\Interrupt.asm
             measure_loop   0x000154    program     extern C:\Users\fsk16\MPLABXProjects\sleepmonitor\Hex_to_Decimal.asm
           multiply16by16   0x000200    program     static C:\Users\fsk16\MPLABXProjects\sleepmonitor\Hex_to_Decimal.asm
            multiply8by16   0x000242    program     static C:\Users\fsk16\MPLABXProjects\sleepmonitor\Hex_to_Decimal.asm
            multiply8by24   0x0001d2    program     static C:\Users\fsk16\MPLABXProjects\sleepmonitor\Hex_to_Decimal.asm
                  myTable   0x00046a    program     static C:\Users\fsk16\MPLABXProjects\sleepmonitor\Interrupt.asm
                not_equal   0x000116    program     static C:\Users\fsk16\MPLABXProjects\sleepmonitor\Interrupt.asm
                     rd00   0x00006e    program     static C:\Users\fsk16\MPLABXProjects\sleepmonitor\Interrupt.asm
                     rd01   0x000084    program     static C:\Users\fsk16\MPLABXProjects\sleepmonitor\Interrupt.asm
                   reduce   0x0003d6    program     static C:\Users\fsk16\MPLABXProjects\sleepmonitor\ADC_read.asm
                    setup   0x000012    program     static C:\Users\fsk16\MPLABXProjects\sleepmonitor\Interrupt.asm
                    start   0x00002a    program     static C:\Users\fsk16\MPLABXProjects\sleepmonitor\Interrupt.asm
               store_data   0x0000d2    program     static C:\Users\fsk16\MPLABXProjects\sleepmonitor\Interrupt.asm
              subtraction   0x000106    program     static C:\Users\fsk16\MPLABXProjects\sleepmonitor\Interrupt.asm
             update_x_max   0x000128    program     static C:\Users\fsk16\MPLABXProjects\sleepmonitor\Interrupt.asm
             update_y_max   0x000132    program     static C:\Users\fsk16\MPLABXProjects\sleepmonitor\Interrupt.asm
             update_z_max   0x00013c    program     static C:\Users\fsk16\MPLABXProjects\sleepmonitor\Interrupt.asm
             updatecarry0   0x000434    program     static C:\Users\fsk16\MPLABXProjects\sleepmonitor\ADC_read.asm
             updatecarry1   0x00043a    program     static C:\Users\fsk16\MPLABXProjects\sleepmonitor\ADC_read.asm
                LCD_cnt_h   0x000011       data     static C:\Users\fsk16\MPLABXProjects\sleepmonitor\LCD.asm
                LCD_cnt_l   0x000010       data     static C:\Users\fsk16\MPLABXProjects\sleepmonitor\LCD.asm
               LCD_cnt_ms   0x000012       data     static C:\Users\fsk16\MPLABXProjects\sleepmonitor\LCD.asm
              LCD_counter   0x000014       data     static C:\Users\fsk16\MPLABXProjects\sleepmonitor\LCD.asm
              LCD_dec_tmp   0x000032       data     static C:\Users\fsk16\MPLABXProjects\sleepmonitor\LCD.asm
              LCD_hex_tmp   0x000031       data     static C:\Users\fsk16\MPLABXProjects\sleepmonitor\LCD.asm
                  LCD_tmp   0x000013       data     static C:\Users\fsk16\MPLABXProjects\sleepmonitor\LCD.asm
             UART_counter   0x000030       data     static C:\Users\fsk16\MPLABXProjects\sleepmonitor\UART.asm
                    carry   0x00000c       data     static C:\Users\fsk16\MPLABXProjects\sleepmonitor\ADC_read.asm
                check1sec   0x000000       data     static C:\Users\fsk16\MPLABXProjects\sleepmonitor\Interrupt.asm
                    count   0x00000b       data     static C:\Users\fsk16\MPLABXProjects\sleepmonitor\ADC_read.asm
                  counter   0x000015       data     static C:\Users\fsk16\MPLABXProjects\sleepmonitor\Hex_to_Decimal.asm
              delay_count   0x000016       data     static C:\Users\fsk16\MPLABXProjects\sleepmonitor\Hex_to_Decimal.asm
           hexvoltagehigh   0x000028       data     static C:\Users\fsk16\MPLABXProjects\sleepmonitor\Hex_to_Decimal.asm
            hexvoltagelow   0x000029       data     static C:\Users\fsk16\MPLABXProjects\sleepmonitor\Hex_to_Decimal.asm
                    khigh   0x00002a       data     static C:\Users\fsk16\MPLABXProjects\sleepmonitor\Hex_to_Decimal.asm
                     klow   0x00002b       data     static C:\Users\fsk16\MPLABXProjects\sleepmonitor\Hex_to_Decimal.asm
      multiplicationhigh1   0x000017       data     static C:\Users\fsk16\MPLABXProjects\sleepmonitor\Hex_to_Decimal.asm
      multiplicationhigh2   0x000019       data     static C:\Users\fsk16\MPLABXProjects\sleepmonitor\Hex_to_Decimal.asm
       multiplicationlow1   0x000018       data     static C:\Users\fsk16\MPLABXProjects\sleepmonitor\Hex_to_Decimal.asm
       multiplicationlow2   0x00001a       data     static C:\Users\fsk16\MPLABXProjects\sleepmonitor\Hex_to_Decimal.asm
              result1high   0x000020       data     static C:\Users\fsk16\MPLABXProjects\sleepmonitor\Hex_to_Decimal.asm
               result1low   0x00001e       data     static C:\Users\fsk16\MPLABXProjects\sleepmonitor\Hex_to_Decimal.asm
            result1middle   0x00001f       data     static C:\Users\fsk16\MPLABXProjects\sleepmonitor\Hex_to_Decimal.asm
              result2high   0x000023       data     static C:\Users\fsk16\MPLABXProjects\sleepmonitor\Hex_to_Decimal.asm
               result2low   0x000021       data     static C:\Users\fsk16\MPLABXProjects\sleepmonitor\Hex_to_Decimal.asm
            result2middle   0x000022       data     static C:\Users\fsk16\MPLABXProjects\sleepmonitor\Hex_to_Decimal.asm
              result3high   0x000027       data     static C:\Users\fsk16\MPLABXProjects\sleepmonitor\Hex_to_Decimal.asm
               result3low   0x000024       data     static C:\Users\fsk16\MPLABXProjects\sleepmonitor\Hex_to_Decimal.asm
       result3lowermiddle   0x000025       data     static C:\Users\fsk16\MPLABXProjects\sleepmonitor\Hex_to_Decimal.asm
       result3uppermiddle   0x000026       data     static C:\Users\fsk16\MPLABXProjects\sleepmonitor\Hex_to_Decimal.asm
               resulthigh   0x00001d       data     static C:\Users\fsk16\MPLABXProjects\sleepmonitor\Hex_to_Decimal.asm
                resultlow   0x00001b       data     static C:\Users\fsk16\MPLABXProjects\sleepmonitor\Hex_to_Decimal.asm
             resultmiddle   0x00001c       data     static C:\Users\fsk16\MPLABXProjects\sleepmonitor\Hex_to_Decimal.asm
                temporary   0x000001       data     static C:\Users\fsk16\MPLABXProjects\sleepmonitor\Interrupt.asm
                 voltage1   0x00002c       data     static C:\Users\fsk16\MPLABXProjects\sleepmonitor\Hex_to_Decimal.asm
                 voltage2   0x00002d       data     static C:\Users\fsk16\MPLABXProjects\sleepmonitor\Hex_to_Decimal.asm
                 voltage3   0x00002e       data     static C:\Users\fsk16\MPLABXProjects\sleepmonitor\Hex_to_Decimal.asm
                 voltage4   0x00002f       data     static C:\Users\fsk16\MPLABXProjects\sleepmonitor\Hex_to_Decimal.asm
                      x_0   0x000002       data     static C:\Users\fsk16\MPLABXProjects\sleepmonitor\Interrupt.asm
                    x_max   0x000008       data     static C:\Users\fsk16\MPLABXProjects\sleepmonitor\Interrupt.asm
                      x_t   0x000005       data     static C:\Users\fsk16\MPLABXProjects\sleepmonitor\Interrupt.asm
                      y_0   0x000004       data     static C:\Users\fsk16\MPLABXProjects\sleepmonitor\Interrupt.asm
                    y_max   0x000009       data     static C:\Users\fsk16\MPLABXProjects\sleepmonitor\Interrupt.asm
                      y_t   0x000006       data     static C:\Users\fsk16\MPLABXProjects\sleepmonitor\Interrupt.asm
                      z_0   0x000003       data     static C:\Users\fsk16\MPLABXProjects\sleepmonitor\Interrupt.asm
                    z_max   0x00000a       data     static C:\Users\fsk16\MPLABXProjects\sleepmonitor\Interrupt.asm
                      z_t   0x000007       data     static C:\Users\fsk16\MPLABXProjects\sleepmonitor\Interrupt.asm



                              Symbols - Sorted by Address
                     Name    Address   Location    Storage File                     
                ---------  ---------  ---------  --------- ---------                
                    setup   0x000012    program     static C:\Users\fsk16\MPLABXProjects\sleepmonitor\Interrupt.asm
                    start   0x00002a    program     static C:\Users\fsk16\MPLABXProjects\sleepmonitor\Interrupt.asm
                     loop   0x000046    program     static C:\Users\fsk16\MPLABXProjects\sleepmonitor\Interrupt.asm
                     rd00   0x00006e    program     static C:\Users\fsk16\MPLABXProjects\sleepmonitor\Interrupt.asm
                loop1sec0   0x000072    program     static C:\Users\fsk16\MPLABXProjects\sleepmonitor\Interrupt.asm
                     rd01   0x000084    program     static C:\Users\fsk16\MPLABXProjects\sleepmonitor\Interrupt.asm
                loop1sec1   0x000088    program     static C:\Users\fsk16\MPLABXProjects\sleepmonitor\Interrupt.asm
          loop_operations   0x00009a    program     static C:\Users\fsk16\MPLABXProjects\sleepmonitor\Interrupt.asm
               store_data   0x0000d2    program     static C:\Users\fsk16\MPLABXProjects\sleepmonitor\Interrupt.asm
        initialize_second   0x0000e4    program     static C:\Users\fsk16\MPLABXProjects\sleepmonitor\Interrupt.asm
              subtraction   0x000106    program     static C:\Users\fsk16\MPLABXProjects\sleepmonitor\Interrupt.asm
          find_difference   0x000110    program     static C:\Users\fsk16\MPLABXProjects\sleepmonitor\Interrupt.asm
                not_equal   0x000116    program     static C:\Users\fsk16\MPLABXProjects\sleepmonitor\Interrupt.asm
                 if_equal   0x000122    program     static C:\Users\fsk16\MPLABXProjects\sleepmonitor\Interrupt.asm
               jump_equal   0x000126    program     static C:\Users\fsk16\MPLABXProjects\sleepmonitor\Interrupt.asm
             update_x_max   0x000128    program     static C:\Users\fsk16\MPLABXProjects\sleepmonitor\Interrupt.asm
             update_y_max   0x000132    program     static C:\Users\fsk16\MPLABXProjects\sleepmonitor\Interrupt.asm
             update_z_max   0x00013c    program     static C:\Users\fsk16\MPLABXProjects\sleepmonitor\Interrupt.asm
                Hex_setup   0x000146    program     extern C:\Users\fsk16\MPLABXProjects\sleepmonitor\Hex_to_Decimal.asm
             measure_loop   0x000154    program     extern C:\Users\fsk16\MPLABXProjects\sleepmonitor\Hex_to_Decimal.asm
            multiply8by24   0x0001d2    program     static C:\Users\fsk16\MPLABXProjects\sleepmonitor\Hex_to_Decimal.asm
           multiply16by16   0x000200    program     static C:\Users\fsk16\MPLABXProjects\sleepmonitor\Hex_to_Decimal.asm
            multiply8by16   0x000242    program     static C:\Users\fsk16\MPLABXProjects\sleepmonitor\Hex_to_Decimal.asm
                    delay   0x00026e    program     static C:\Users\fsk16\MPLABXProjects\sleepmonitor\Hex_to_Decimal.asm
                LCD_Setup   0x000274    program     extern C:\Users\fsk16\MPLABXProjects\sleepmonitor\LCD.asm
                  LCD_Top   0x0002ca    program     extern C:\Users\fsk16\MPLABXProjects\sleepmonitor\LCD.asm
            LCD_Write_Hex   0x0002d8    program     extern C:\Users\fsk16\MPLABXProjects\sleepmonitor\LCD.asm
              LCD_Hex_Nib   0x0002e2    program     static C:\Users\fsk16\MPLABXProjects\sleepmonitor\LCD.asm
        LCD_Write_Message   0x0002f6    program     extern C:\Users\fsk16\MPLABXProjects\sleepmonitor\LCD.asm
         LCD_Loop_message   0x0002f8    program     static C:\Users\fsk16\MPLABXProjects\sleepmonitor\LCD.asm
          LCD_Send_Byte_I   0x000304    program     static C:\Users\fsk16\MPLABXProjects\sleepmonitor\LCD.asm
             LCD_Send_Nib   0x000312    program     static C:\Users\fsk16\MPLABXProjects\sleepmonitor\LCD.asm
          LCD_Send_Byte_D   0x000320    program     static C:\Users\fsk16\MPLABXProjects\sleepmonitor\LCD.asm
               LCD_Enable   0x000342    program     static C:\Users\fsk16\MPLABXProjects\sleepmonitor\LCD.asm
             LCD_delay_ms   0x000366    program     static C:\Users\fsk16\MPLABXProjects\sleepmonitor\LCD.asm
                   lcdlp2   0x000368    program     static C:\Users\fsk16\MPLABXProjects\sleepmonitor\LCD.asm
           LCD_delay_x4us   0x000374    program     static C:\Users\fsk16\MPLABXProjects\sleepmonitor\LCD.asm
                LCD_delay   0x000388    program     static C:\Users\fsk16\MPLABXProjects\sleepmonitor\LCD.asm
                   lcdlp1   0x00038a    program     static C:\Users\fsk16\MPLABXProjects\sleepmonitor\LCD.asm
                ADC_Setup   0x000392    program     extern C:\Users\fsk16\MPLABXProjects\sleepmonitor\ADC_read.asm
                   Read_x   0x0003a8    program     extern C:\Users\fsk16\MPLABXProjects\sleepmonitor\ADC_read.asm
                   Read_y   0x0003b4    program     extern C:\Users\fsk16\MPLABXProjects\sleepmonitor\ADC_read.asm
                   Read_z   0x0003c0    program     extern C:\Users\fsk16\MPLABXProjects\sleepmonitor\ADC_read.asm
                 adc_loop   0x0003cc    program     static C:\Users\fsk16\MPLABXProjects\sleepmonitor\ADC_read.asm
                   reduce   0x0003d6    program     static C:\Users\fsk16\MPLABXProjects\sleepmonitor\ADC_read.asm
               loop4times   0x000420    program     static C:\Users\fsk16\MPLABXProjects\sleepmonitor\ADC_read.asm
             updatecarry0   0x000434    program     static C:\Users\fsk16\MPLABXProjects\sleepmonitor\ADC_read.asm
             updatecarry1   0x00043a    program     static C:\Users\fsk16\MPLABXProjects\sleepmonitor\ADC_read.asm
               UART_Setup   0x000442    program     extern C:\Users\fsk16\MPLABXProjects\sleepmonitor\UART.asm
    UART_Transmit_Message   0x000454    program     extern C:\Users\fsk16\MPLABXProjects\sleepmonitor\UART.asm
        UART_Loop_message   0x000456    program     static C:\Users\fsk16\MPLABXProjects\sleepmonitor\UART.asm
       UART_Transmit_Byte   0x000462    program     static C:\Users\fsk16\MPLABXProjects\sleepmonitor\UART.asm
                  myTable   0x00046a    program     static C:\Users\fsk16\MPLABXProjects\sleepmonitor\Interrupt.asm
                check1sec   0x000000       data     static C:\Users\fsk16\MPLABXProjects\sleepmonitor\Interrupt.asm
                temporary   0x000001       data     static C:\Users\fsk16\MPLABXProjects\sleepmonitor\Interrupt.asm
                      x_0   0x000002       data     static C:\Users\fsk16\MPLABXProjects\sleepmonitor\Interrupt.asm
                      z_0   0x000003       data     static C:\Users\fsk16\MPLABXProjects\sleepmonitor\Interrupt.asm
                      y_0   0x000004       data     static C:\Users\fsk16\MPLABXProjects\sleepmonitor\Interrupt.asm
                      x_t   0x000005       data     static C:\Users\fsk16\MPLABXProjects\sleepmonitor\Interrupt.asm
                      y_t   0x000006       data     static C:\Users\fsk16\MPLABXProjects\sleepmonitor\Interrupt.asm
                      z_t   0x000007       data     static C:\Users\fsk16\MPLABXProjects\sleepmonitor\Interrupt.asm
                    x_max   0x000008       data     static C:\Users\fsk16\MPLABXProjects\sleepmonitor\Interrupt.asm
                    y_max   0x000009       data     static C:\Users\fsk16\MPLABXProjects\sleepmonitor\Interrupt.asm
                    z_max   0x00000a       data     static C:\Users\fsk16\MPLABXProjects\sleepmonitor\Interrupt.asm
                    count   0x00000b       data     static C:\Users\fsk16\MPLABXProjects\sleepmonitor\ADC_read.asm
                    carry   0x00000c       data     static C:\Users\fsk16\MPLABXProjects\sleepmonitor\ADC_read.asm
                LCD_cnt_l   0x000010       data     static C:\Users\fsk16\MPLABXProjects\sleepmonitor\LCD.asm
                LCD_cnt_h   0x000011       data     static C:\Users\fsk16\MPLABXProjects\sleepmonitor\LCD.asm
               LCD_cnt_ms   0x000012       data     static C:\Users\fsk16\MPLABXProjects\sleepmonitor\LCD.asm
                  LCD_tmp   0x000013       data     static C:\Users\fsk16\MPLABXProjects\sleepmonitor\LCD.asm
              LCD_counter   0x000014       data     static C:\Users\fsk16\MPLABXProjects\sleepmonitor\LCD.asm
                  counter   0x000015       data     static C:\Users\fsk16\MPLABXProjects\sleepmonitor\Hex_to_Decimal.asm
              delay_count   0x000016       data     static C:\Users\fsk16\MPLABXProjects\sleepmonitor\Hex_to_Decimal.asm
      multiplicationhigh1   0x000017       data     static C:\Users\fsk16\MPLABXProjects\sleepmonitor\Hex_to_Decimal.asm
       multiplicationlow1   0x000018       data     static C:\Users\fsk16\MPLABXProjects\sleepmonitor\Hex_to_Decimal.asm
      multiplicationhigh2   0x000019       data     static C:\Users\fsk16\MPLABXProjects\sleepmonitor\Hex_to_Decimal.asm
       multiplicationlow2   0x00001a       data     static C:\Users\fsk16\MPLABXProjects\sleepmonitor\Hex_to_Decimal.asm
                resultlow   0x00001b       data     static C:\Users\fsk16\MPLABXProjects\sleepmonitor\Hex_to_Decimal.asm
             resultmiddle   0x00001c       data     static C:\Users\fsk16\MPLABXProjects\sleepmonitor\Hex_to_Decimal.asm
               resulthigh   0x00001d       data     static C:\Users\fsk16\MPLABXProjects\sleepmonitor\Hex_to_Decimal.asm
               result1low   0x00001e       data     static C:\Users\fsk16\MPLABXProjects\sleepmonitor\Hex_to_Decimal.asm
            result1middle   0x00001f       data     static C:\Users\fsk16\MPLABXProjects\sleepmonitor\Hex_to_Decimal.asm
              result1high   0x000020       data     static C:\Users\fsk16\MPLABXProjects\sleepmonitor\Hex_to_Decimal.asm
               result2low   0x000021       data     static C:\Users\fsk16\MPLABXProjects\sleepmonitor\Hex_to_Decimal.asm
            result2middle   0x000022       data     static C:\Users\fsk16\MPLABXProjects\sleepmonitor\Hex_to_Decimal.asm
              result2high   0x000023       data     static C:\Users\fsk16\MPLABXProjects\sleepmonitor\Hex_to_Decimal.asm
               result3low   0x000024       data     static C:\Users\fsk16\MPLABXProjects\sleepmonitor\Hex_to_Decimal.asm
       result3lowermiddle   0x000025       data     static C:\Users\fsk16\MPLABXProjects\sleepmonitor\Hex_to_Decimal.asm
       result3uppermiddle   0x000026       data     static C:\Users\fsk16\MPLABXProjects\sleepmonitor\Hex_to_Decimal.asm
              result3high   0x000027       data     static C:\Users\fsk16\MPLABXProjects\sleepmonitor\Hex_to_Decimal.asm
           hexvoltagehigh   0x000028       data     static C:\Users\fsk16\MPLABXProjects\sleepmonitor\Hex_to_Decimal.asm
            hexvoltagelow   0x000029       data     static C:\Users\fsk16\MPLABXProjects\sleepmonitor\Hex_to_Decimal.asm
                    khigh   0x00002a       data     static C:\Users\fsk16\MPLABXProjects\sleepmonitor\Hex_to_Decimal.asm
                     klow   0x00002b       data     static C:\Users\fsk16\MPLABXProjects\sleepmonitor\Hex_to_Decimal.asm
                 voltage1   0x00002c       data     static C:\Users\fsk16\MPLABXProjects\sleepmonitor\Hex_to_Decimal.asm
                 voltage2   0x00002d       data     static C:\Users\fsk16\MPLABXProjects\sleepmonitor\Hex_to_Decimal.asm
                 voltage3   0x00002e       data     static C:\Users\fsk16\MPLABXProjects\sleepmonitor\Hex_to_Decimal.asm
                 voltage4   0x00002f       data     static C:\Users\fsk16\MPLABXProjects\sleepmonitor\Hex_to_Decimal.asm
             UART_counter   0x000030       data     static C:\Users\fsk16\MPLABXProjects\sleepmonitor\UART.asm
              LCD_hex_tmp   0x000031       data     static C:\Users\fsk16\MPLABXProjects\sleepmonitor\LCD.asm
              LCD_dec_tmp   0x000032       data     static C:\Users\fsk16\MPLABXProjects\sleepmonitor\LCD.asm


