MPLINK 5.09, LINKER
Linker Map File - Created Fri Nov 16 09:33:08 2018

                                 Section Info
                  Section       Type    Address   Location Size(Bytes)
                ---------  ---------  ---------  ---------  ---------
                      rst       code   0x000000    program   0x000004
                   .cinit    romdata   0x000004    program   0x000002
                   int_hi       code   0x000008    program   0x00000a
                      hex       code   0x000012    program   0x00012e
                     main       code   0x000140    program   0x000124
                      LCD       code   0x000264    program   0x00011e
                      ADC       code   0x000382    program   0x0000b0
                     UART       code   0x000432    program   0x000028
                    pdata       code   0x00045a    program   0x00000e
.config_300000_BUILD/DEFAULT/PRODUCTION/CONFIG.    romdata   0x300000    program   0x000001
.config_300001_BUILD/DEFAULT/PRODUCTION/CONFIG.    romdata   0x300001    program   0x000001
.config_300002_BUILD/DEFAULT/PRODUCTION/CONFIG.    romdata   0x300002    program   0x000001
.config_300003_BUILD/DEFAULT/PRODUCTION/CONFIG.    romdata   0x300003    program   0x000001
.config_300004_BUILD/DEFAULT/PRODUCTION/CONFIG.    romdata   0x300004    program   0x000001
.config_300005_BUILD/DEFAULT/PRODUCTION/CONFIG.    romdata   0x300005    program   0x000001
.config_300006_BUILD/DEFAULT/PRODUCTION/CONFIG.    romdata   0x300006    program   0x000001
.config_300008_BUILD/DEFAULT/PRODUCTION/CONFIG.    romdata   0x300008    program   0x000001
.config_300009_BUILD/DEFAULT/PRODUCTION/CONFIG.    romdata   0x300009    program   0x000001
.config_30000A_BUILD/DEFAULT/PRODUCTION/CONFIG.    romdata   0x30000a    program   0x000001
.config_30000B_BUILD/DEFAULT/PRODUCTION/CONFIG.    romdata   0x30000b    program   0x000001
.config_30000C_BUILD/DEFAULT/PRODUCTION/CONFIG.    romdata   0x30000c    program   0x000001
.config_30000D_BUILD/DEFAULT/PRODUCTION/CONFIG.    romdata   0x30000d    program   0x000001
                     acs0      udata   0x000000       data   0x000031
                  acs_ovr      udata   0x000031       data   0x000002



                              Program Memory Usage 
                               Start         End      
                           ---------   ---------      
                            0x000000    0x000005      
                            0x000008    0x000467      
                            0x300000    0x300006      
                            0x300008    0x30000d      
            1139 out of 132120 program addresses used, program memory utilization is 0%



                              Symbols - Sorted by Name
                     Name    Address   Location    Storage File                     
                ---------  ---------  ---------  --------- ---------                
                ADC_Setup   0x000382    program     extern C:\Users\fsk16\MPLABXProjects\sleepmonitor\ADC_read.asm
                Hex_setup   0x000012    program     extern C:\Users\fsk16\MPLABXProjects\sleepmonitor\Hex_to_Decimal.asm
               LCD_Enable   0x000332    program     static C:\Users\fsk16\MPLABXProjects\sleepmonitor\LCD.asm
              LCD_Hex_Nib   0x0002d2    program     static C:\Users\fsk16\MPLABXProjects\sleepmonitor\LCD.asm
         LCD_Loop_message   0x0002e8    program     static C:\Users\fsk16\MPLABXProjects\sleepmonitor\LCD.asm
          LCD_Send_Byte_D   0x000310    program     static C:\Users\fsk16\MPLABXProjects\sleepmonitor\LCD.asm
          LCD_Send_Byte_I   0x0002f4    program     static C:\Users\fsk16\MPLABXProjects\sleepmonitor\LCD.asm
             LCD_Send_Nib   0x000302    program     static C:\Users\fsk16\MPLABXProjects\sleepmonitor\LCD.asm
                LCD_Setup   0x000264    program     extern C:\Users\fsk16\MPLABXProjects\sleepmonitor\LCD.asm
                  LCD_Top   0x0002ba    program     extern C:\Users\fsk16\MPLABXProjects\sleepmonitor\LCD.asm
            LCD_Write_Hex   0x0002c8    program     extern C:\Users\fsk16\MPLABXProjects\sleepmonitor\LCD.asm
        LCD_Write_Message   0x0002e6    program     extern C:\Users\fsk16\MPLABXProjects\sleepmonitor\LCD.asm
                LCD_delay   0x000378    program     static C:\Users\fsk16\MPLABXProjects\sleepmonitor\LCD.asm
             LCD_delay_ms   0x000356    program     static C:\Users\fsk16\MPLABXProjects\sleepmonitor\LCD.asm
           LCD_delay_x4us   0x000364    program     static C:\Users\fsk16\MPLABXProjects\sleepmonitor\LCD.asm
                   Read_x   0x000398    program     extern C:\Users\fsk16\MPLABXProjects\sleepmonitor\ADC_read.asm
                   Read_y   0x0003a4    program     extern C:\Users\fsk16\MPLABXProjects\sleepmonitor\ADC_read.asm
                   Read_z   0x0003b0    program     extern C:\Users\fsk16\MPLABXProjects\sleepmonitor\ADC_read.asm
        UART_Loop_message   0x000446    program     static C:\Users\fsk16\MPLABXProjects\sleepmonitor\UART.asm
               UART_Setup   0x000432    program     extern C:\Users\fsk16\MPLABXProjects\sleepmonitor\UART.asm
       UART_Transmit_Byte   0x000452    program     static C:\Users\fsk16\MPLABXProjects\sleepmonitor\UART.asm
    UART_Transmit_Message   0x000444    program     extern C:\Users\fsk16\MPLABXProjects\sleepmonitor\UART.asm
                 adc_loop   0x0003bc    program     static C:\Users\fsk16\MPLABXProjects\sleepmonitor\ADC_read.asm
                    delay   0x00013a    program     static C:\Users\fsk16\MPLABXProjects\sleepmonitor\Hex_to_Decimal.asm
          find_difference   0x00022e    program     static C:\Users\fsk16\MPLABXProjects\sleepmonitor\Interrupt.asm
                 if_equal   0x000240    program     static C:\Users\fsk16\MPLABXProjects\sleepmonitor\Interrupt.asm
        initialize_second   0x000202    program     static C:\Users\fsk16\MPLABXProjects\sleepmonitor\Interrupt.asm
               jump_equal   0x000244    program     static C:\Users\fsk16\MPLABXProjects\sleepmonitor\Interrupt.asm
                   lcdlp1   0x00037a    program     static C:\Users\fsk16\MPLABXProjects\sleepmonitor\LCD.asm
                   lcdlp2   0x000358    program     static C:\Users\fsk16\MPLABXProjects\sleepmonitor\LCD.asm
                     loop   0x000174    program     static C:\Users\fsk16\MPLABXProjects\sleepmonitor\Interrupt.asm
                loop1sec0   0x000190    program     static C:\Users\fsk16\MPLABXProjects\sleepmonitor\Interrupt.asm
                loop1sec1   0x0001a6    program     static C:\Users\fsk16\MPLABXProjects\sleepmonitor\Interrupt.asm
               loop4times   0x000410    program     static C:\Users\fsk16\MPLABXProjects\sleepmonitor\ADC_read.asm
          loop_operations   0x0001b8    program     static C:\Users\fsk16\MPLABXProjects\sleepmonitor\Interrupt.asm
             measure_loop   0x000020    program     extern C:\Users\fsk16\MPLABXProjects\sleepmonitor\Hex_to_Decimal.asm
           multiply16by16   0x0000cc    program     static C:\Users\fsk16\MPLABXProjects\sleepmonitor\Hex_to_Decimal.asm
            multiply8by16   0x00010e    program     static C:\Users\fsk16\MPLABXProjects\sleepmonitor\Hex_to_Decimal.asm
            multiply8by24   0x00009e    program     static C:\Users\fsk16\MPLABXProjects\sleepmonitor\Hex_to_Decimal.asm
                  myTable   0x00045a    program     static C:\Users\fsk16\MPLABXProjects\sleepmonitor\Interrupt.asm
                not_equal   0x000234    program     static C:\Users\fsk16\MPLABXProjects\sleepmonitor\Interrupt.asm
                     rd00   0x00018c    program     static C:\Users\fsk16\MPLABXProjects\sleepmonitor\Interrupt.asm
                     rd01   0x0001a2    program     static C:\Users\fsk16\MPLABXProjects\sleepmonitor\Interrupt.asm
                   reduce   0x0003c6    program     static C:\Users\fsk16\MPLABXProjects\sleepmonitor\ADC_read.asm
                    setup   0x000140    program     static C:\Users\fsk16\MPLABXProjects\sleepmonitor\Interrupt.asm
                    start   0x000158    program     static C:\Users\fsk16\MPLABXProjects\sleepmonitor\Interrupt.asm
               store_data   0x0001f0    program     static C:\Users\fsk16\MPLABXProjects\sleepmonitor\Interrupt.asm
              subtraction   0x000224    program     static C:\Users\fsk16\MPLABXProjects\sleepmonitor\Interrupt.asm
             update_x_max   0x000246    program     static C:\Users\fsk16\MPLABXProjects\sleepmonitor\Interrupt.asm
             update_y_max   0x000250    program     static C:\Users\fsk16\MPLABXProjects\sleepmonitor\Interrupt.asm
             update_z_max   0x00025a    program     static C:\Users\fsk16\MPLABXProjects\sleepmonitor\Interrupt.asm
             updatecarry0   0x000424    program     static C:\Users\fsk16\MPLABXProjects\sleepmonitor\ADC_read.asm
             updatecarry1   0x00042a    program     static C:\Users\fsk16\MPLABXProjects\sleepmonitor\ADC_read.asm
                LCD_cnt_h   0x000011       data     static C:\Users\fsk16\MPLABXProjects\sleepmonitor\LCD.asm
                LCD_cnt_l   0x000010       data     static C:\Users\fsk16\MPLABXProjects\sleepmonitor\LCD.asm
               LCD_cnt_ms   0x000012       data     static C:\Users\fsk16\MPLABXProjects\sleepmonitor\LCD.asm
              LCD_counter   0x000014       data     static C:\Users\fsk16\MPLABXProjects\sleepmonitor\LCD.asm
              LCD_dec_tmp   0x000032       data     static C:\Users\fsk16\MPLABXProjects\sleepmonitor\LCD.asm
              LCD_hex_tmp   0x000031       data     static C:\Users\fsk16\MPLABXProjects\sleepmonitor\LCD.asm
                  LCD_tmp   0x000013       data     static C:\Users\fsk16\MPLABXProjects\sleepmonitor\LCD.asm
             UART_counter   0x000030       data     static C:\Users\fsk16\MPLABXProjects\sleepmonitor\UART.asm
                    carry   0x00000c       data     static C:\Users\fsk16\MPLABXProjects\sleepmonitor\ADC_read.asm
                check1sec   0x000000       data     static C:\Users\fsk16\MPLABXProjects\sleepmonitor\Interrupt.asm
                    count   0x00000b       data     static C:\Users\fsk16\MPLABXProjects\sleepmonitor\ADC_read.asm
                  counter   0x000015       data     static C:\Users\fsk16\MPLABXProjects\sleepmonitor\Hex_to_Decimal.asm
              delay_count   0x000016       data     static C:\Users\fsk16\MPLABXProjects\sleepmonitor\Hex_to_Decimal.asm
           hexvoltagehigh   0x000028       data     static C:\Users\fsk16\MPLABXProjects\sleepmonitor\Hex_to_Decimal.asm
            hexvoltagelow   0x000029       data     static C:\Users\fsk16\MPLABXProjects\sleepmonitor\Hex_to_Decimal.asm
                    khigh   0x00002a       data     static C:\Users\fsk16\MPLABXProjects\sleepmonitor\Hex_to_Decimal.asm
                     klow   0x00002b       data     static C:\Users\fsk16\MPLABXProjects\sleepmonitor\Hex_to_Decimal.asm
      multiplicationhigh1   0x000017       data     static C:\Users\fsk16\MPLABXProjects\sleepmonitor\Hex_to_Decimal.asm
      multiplicationhigh2   0x000019       data     static C:\Users\fsk16\MPLABXProjects\sleepmonitor\Hex_to_Decimal.asm
       multiplicationlow1   0x000018       data     static C:\Users\fsk16\MPLABXProjects\sleepmonitor\Hex_to_Decimal.asm
       multiplicationlow2   0x00001a       data     static C:\Users\fsk16\MPLABXProjects\sleepmonitor\Hex_to_Decimal.asm
              result1high   0x000020       data     static C:\Users\fsk16\MPLABXProjects\sleepmonitor\Hex_to_Decimal.asm
               result1low   0x00001e       data     static C:\Users\fsk16\MPLABXProjects\sleepmonitor\Hex_to_Decimal.asm
            result1middle   0x00001f       data     static C:\Users\fsk16\MPLABXProjects\sleepmonitor\Hex_to_Decimal.asm
              result2high   0x000023       data     static C:\Users\fsk16\MPLABXProjects\sleepmonitor\Hex_to_Decimal.asm
               result2low   0x000021       data     static C:\Users\fsk16\MPLABXProjects\sleepmonitor\Hex_to_Decimal.asm
            result2middle   0x000022       data     static C:\Users\fsk16\MPLABXProjects\sleepmonitor\Hex_to_Decimal.asm
              result3high   0x000027       data     static C:\Users\fsk16\MPLABXProjects\sleepmonitor\Hex_to_Decimal.asm
               result3low   0x000024       data     static C:\Users\fsk16\MPLABXProjects\sleepmonitor\Hex_to_Decimal.asm
       result3lowermiddle   0x000025       data     static C:\Users\fsk16\MPLABXProjects\sleepmonitor\Hex_to_Decimal.asm
       result3uppermiddle   0x000026       data     static C:\Users\fsk16\MPLABXProjects\sleepmonitor\Hex_to_Decimal.asm
               resulthigh   0x00001d       data     static C:\Users\fsk16\MPLABXProjects\sleepmonitor\Hex_to_Decimal.asm
                resultlow   0x00001b       data     static C:\Users\fsk16\MPLABXProjects\sleepmonitor\Hex_to_Decimal.asm
             resultmiddle   0x00001c       data     static C:\Users\fsk16\MPLABXProjects\sleepmonitor\Hex_to_Decimal.asm
                temporary   0x000001       data     static C:\Users\fsk16\MPLABXProjects\sleepmonitor\Interrupt.asm
                 voltage1   0x00002c       data     static C:\Users\fsk16\MPLABXProjects\sleepmonitor\Hex_to_Decimal.asm
                 voltage2   0x00002d       data     static C:\Users\fsk16\MPLABXProjects\sleepmonitor\Hex_to_Decimal.asm
                 voltage3   0x00002e       data     static C:\Users\fsk16\MPLABXProjects\sleepmonitor\Hex_to_Decimal.asm
                 voltage4   0x00002f       data     static C:\Users\fsk16\MPLABXProjects\sleepmonitor\Hex_to_Decimal.asm
                      x_0   0x000002       data     static C:\Users\fsk16\MPLABXProjects\sleepmonitor\Interrupt.asm
                    x_max   0x000008       data     static C:\Users\fsk16\MPLABXProjects\sleepmonitor\Interrupt.asm
                      x_t   0x000005       data     static C:\Users\fsk16\MPLABXProjects\sleepmonitor\Interrupt.asm
                      y_0   0x000004       data     static C:\Users\fsk16\MPLABXProjects\sleepmonitor\Interrupt.asm
                    y_max   0x000009       data     static C:\Users\fsk16\MPLABXProjects\sleepmonitor\Interrupt.asm
                      y_t   0x000006       data     static C:\Users\fsk16\MPLABXProjects\sleepmonitor\Interrupt.asm
                      z_0   0x000003       data     static C:\Users\fsk16\MPLABXProjects\sleepmonitor\Interrupt.asm
                    z_max   0x00000a       data     static C:\Users\fsk16\MPLABXProjects\sleepmonitor\Interrupt.asm
                      z_t   0x000007       data     static C:\Users\fsk16\MPLABXProjects\sleepmonitor\Interrupt.asm



                              Symbols - Sorted by Address
                     Name    Address   Location    Storage File                     
                ---------  ---------  ---------  --------- ---------                
                Hex_setup   0x000012    program     extern C:\Users\fsk16\MPLABXProjects\sleepmonitor\Hex_to_Decimal.asm
             measure_loop   0x000020    program     extern C:\Users\fsk16\MPLABXProjects\sleepmonitor\Hex_to_Decimal.asm
            multiply8by24   0x00009e    program     static C:\Users\fsk16\MPLABXProjects\sleepmonitor\Hex_to_Decimal.asm
           multiply16by16   0x0000cc    program     static C:\Users\fsk16\MPLABXProjects\sleepmonitor\Hex_to_Decimal.asm
            multiply8by16   0x00010e    program     static C:\Users\fsk16\MPLABXProjects\sleepmonitor\Hex_to_Decimal.asm
                    delay   0x00013a    program     static C:\Users\fsk16\MPLABXProjects\sleepmonitor\Hex_to_Decimal.asm
                    setup   0x000140    program     static C:\Users\fsk16\MPLABXProjects\sleepmonitor\Interrupt.asm
                    start   0x000158    program     static C:\Users\fsk16\MPLABXProjects\sleepmonitor\Interrupt.asm
                     loop   0x000174    program     static C:\Users\fsk16\MPLABXProjects\sleepmonitor\Interrupt.asm
                     rd00   0x00018c    program     static C:\Users\fsk16\MPLABXProjects\sleepmonitor\Interrupt.asm
                loop1sec0   0x000190    program     static C:\Users\fsk16\MPLABXProjects\sleepmonitor\Interrupt.asm
                     rd01   0x0001a2    program     static C:\Users\fsk16\MPLABXProjects\sleepmonitor\Interrupt.asm
                loop1sec1   0x0001a6    program     static C:\Users\fsk16\MPLABXProjects\sleepmonitor\Interrupt.asm
          loop_operations   0x0001b8    program     static C:\Users\fsk16\MPLABXProjects\sleepmonitor\Interrupt.asm
               store_data   0x0001f0    program     static C:\Users\fsk16\MPLABXProjects\sleepmonitor\Interrupt.asm
        initialize_second   0x000202    program     static C:\Users\fsk16\MPLABXProjects\sleepmonitor\Interrupt.asm
              subtraction   0x000224    program     static C:\Users\fsk16\MPLABXProjects\sleepmonitor\Interrupt.asm
          find_difference   0x00022e    program     static C:\Users\fsk16\MPLABXProjects\sleepmonitor\Interrupt.asm
                not_equal   0x000234    program     static C:\Users\fsk16\MPLABXProjects\sleepmonitor\Interrupt.asm
                 if_equal   0x000240    program     static C:\Users\fsk16\MPLABXProjects\sleepmonitor\Interrupt.asm
               jump_equal   0x000244    program     static C:\Users\fsk16\MPLABXProjects\sleepmonitor\Interrupt.asm
             update_x_max   0x000246    program     static C:\Users\fsk16\MPLABXProjects\sleepmonitor\Interrupt.asm
             update_y_max   0x000250    program     static C:\Users\fsk16\MPLABXProjects\sleepmonitor\Interrupt.asm
             update_z_max   0x00025a    program     static C:\Users\fsk16\MPLABXProjects\sleepmonitor\Interrupt.asm
                LCD_Setup   0x000264    program     extern C:\Users\fsk16\MPLABXProjects\sleepmonitor\LCD.asm
                  LCD_Top   0x0002ba    program     extern C:\Users\fsk16\MPLABXProjects\sleepmonitor\LCD.asm
            LCD_Write_Hex   0x0002c8    program     extern C:\Users\fsk16\MPLABXProjects\sleepmonitor\LCD.asm
              LCD_Hex_Nib   0x0002d2    program     static C:\Users\fsk16\MPLABXProjects\sleepmonitor\LCD.asm
        LCD_Write_Message   0x0002e6    program     extern C:\Users\fsk16\MPLABXProjects\sleepmonitor\LCD.asm
         LCD_Loop_message   0x0002e8    program     static C:\Users\fsk16\MPLABXProjects\sleepmonitor\LCD.asm
          LCD_Send_Byte_I   0x0002f4    program     static C:\Users\fsk16\MPLABXProjects\sleepmonitor\LCD.asm
             LCD_Send_Nib   0x000302    program     static C:\Users\fsk16\MPLABXProjects\sleepmonitor\LCD.asm
          LCD_Send_Byte_D   0x000310    program     static C:\Users\fsk16\MPLABXProjects\sleepmonitor\LCD.asm
               LCD_Enable   0x000332    program     static C:\Users\fsk16\MPLABXProjects\sleepmonitor\LCD.asm
             LCD_delay_ms   0x000356    program     static C:\Users\fsk16\MPLABXProjects\sleepmonitor\LCD.asm
                   lcdlp2   0x000358    program     static C:\Users\fsk16\MPLABXProjects\sleepmonitor\LCD.asm
           LCD_delay_x4us   0x000364    program     static C:\Users\fsk16\MPLABXProjects\sleepmonitor\LCD.asm
                LCD_delay   0x000378    program     static C:\Users\fsk16\MPLABXProjects\sleepmonitor\LCD.asm
                   lcdlp1   0x00037a    program     static C:\Users\fsk16\MPLABXProjects\sleepmonitor\LCD.asm
                ADC_Setup   0x000382    program     extern C:\Users\fsk16\MPLABXProjects\sleepmonitor\ADC_read.asm
                   Read_x   0x000398    program     extern C:\Users\fsk16\MPLABXProjects\sleepmonitor\ADC_read.asm
                   Read_y   0x0003a4    program     extern C:\Users\fsk16\MPLABXProjects\sleepmonitor\ADC_read.asm
                   Read_z   0x0003b0    program     extern C:\Users\fsk16\MPLABXProjects\sleepmonitor\ADC_read.asm
                 adc_loop   0x0003bc    program     static C:\Users\fsk16\MPLABXProjects\sleepmonitor\ADC_read.asm
                   reduce   0x0003c6    program     static C:\Users\fsk16\MPLABXProjects\sleepmonitor\ADC_read.asm
               loop4times   0x000410    program     static C:\Users\fsk16\MPLABXProjects\sleepmonitor\ADC_read.asm
             updatecarry0   0x000424    program     static C:\Users\fsk16\MPLABXProjects\sleepmonitor\ADC_read.asm
             updatecarry1   0x00042a    program     static C:\Users\fsk16\MPLABXProjects\sleepmonitor\ADC_read.asm
               UART_Setup   0x000432    program     extern C:\Users\fsk16\MPLABXProjects\sleepmonitor\UART.asm
    UART_Transmit_Message   0x000444    program     extern C:\Users\fsk16\MPLABXProjects\sleepmonitor\UART.asm
        UART_Loop_message   0x000446    program     static C:\Users\fsk16\MPLABXProjects\sleepmonitor\UART.asm
       UART_Transmit_Byte   0x000452    program     static C:\Users\fsk16\MPLABXProjects\sleepmonitor\UART.asm
                  myTable   0x00045a    program     static C:\Users\fsk16\MPLABXProjects\sleepmonitor\Interrupt.asm
                check1sec   0x000000       data     static C:\Users\fsk16\MPLABXProjects\sleepmonitor\Interrupt.asm
                temporary   0x000001       data     static C:\Users\fsk16\MPLABXProjects\sleepmonitor\Interrupt.asm
                      x_0   0x000002       data     static C:\Users\fsk16\MPLABXProjects\sleepmonitor\Interrupt.asm
                      z_0   0x000003       data     static C:\Users\fsk16\MPLABXProjects\sleepmonitor\Interrupt.asm
                      y_0   0x000004       data     static C:\Users\fsk16\MPLABXProjects\sleepmonitor\Interrupt.asm
                      x_t   0x000005       data     static C:\Users\fsk16\MPLABXProjects\sleepmonitor\Interrupt.asm
                      y_t   0x000006       data     static C:\Users\fsk16\MPLABXProjects\sleepmonitor\Interrupt.asm
                      z_t   0x000007       data     static C:\Users\fsk16\MPLABXProjects\sleepmonitor\Interrupt.asm
                    x_max   0x000008       data     static C:\Users\fsk16\MPLABXProjects\sleepmonitor\Interrupt.asm
                    y_max   0x000009       data     static C:\Users\fsk16\MPLABXProjects\sleepmonitor\Interrupt.asm
                    z_max   0x00000a       data     static C:\Users\fsk16\MPLABXProjects\sleepmonitor\Interrupt.asm
                    count   0x00000b       data     static C:\Users\fsk16\MPLABXProjects\sleepmonitor\ADC_read.asm
                    carry   0x00000c       data     static C:\Users\fsk16\MPLABXProjects\sleepmonitor\ADC_read.asm
                LCD_cnt_l   0x000010       data     static C:\Users\fsk16\MPLABXProjects\sleepmonitor\LCD.asm
                LCD_cnt_h   0x000011       data     static C:\Users\fsk16\MPLABXProjects\sleepmonitor\LCD.asm
               LCD_cnt_ms   0x000012       data     static C:\Users\fsk16\MPLABXProjects\sleepmonitor\LCD.asm
                  LCD_tmp   0x000013       data     static C:\Users\fsk16\MPLABXProjects\sleepmonitor\LCD.asm
              LCD_counter   0x000014       data     static C:\Users\fsk16\MPLABXProjects\sleepmonitor\LCD.asm
                  counter   0x000015       data     static C:\Users\fsk16\MPLABXProjects\sleepmonitor\Hex_to_Decimal.asm
              delay_count   0x000016       data     static C:\Users\fsk16\MPLABXProjects\sleepmonitor\Hex_to_Decimal.asm
      multiplicationhigh1   0x000017       data     static C:\Users\fsk16\MPLABXProjects\sleepmonitor\Hex_to_Decimal.asm
       multiplicationlow1   0x000018       data     static C:\Users\fsk16\MPLABXProjects\sleepmonitor\Hex_to_Decimal.asm
      multiplicationhigh2   0x000019       data     static C:\Users\fsk16\MPLABXProjects\sleepmonitor\Hex_to_Decimal.asm
       multiplicationlow2   0x00001a       data     static C:\Users\fsk16\MPLABXProjects\sleepmonitor\Hex_to_Decimal.asm
                resultlow   0x00001b       data     static C:\Users\fsk16\MPLABXProjects\sleepmonitor\Hex_to_Decimal.asm
             resultmiddle   0x00001c       data     static C:\Users\fsk16\MPLABXProjects\sleepmonitor\Hex_to_Decimal.asm
               resulthigh   0x00001d       data     static C:\Users\fsk16\MPLABXProjects\sleepmonitor\Hex_to_Decimal.asm
               result1low   0x00001e       data     static C:\Users\fsk16\MPLABXProjects\sleepmonitor\Hex_to_Decimal.asm
            result1middle   0x00001f       data     static C:\Users\fsk16\MPLABXProjects\sleepmonitor\Hex_to_Decimal.asm
              result1high   0x000020       data     static C:\Users\fsk16\MPLABXProjects\sleepmonitor\Hex_to_Decimal.asm
               result2low   0x000021       data     static C:\Users\fsk16\MPLABXProjects\sleepmonitor\Hex_to_Decimal.asm
            result2middle   0x000022       data     static C:\Users\fsk16\MPLABXProjects\sleepmonitor\Hex_to_Decimal.asm
              result2high   0x000023       data     static C:\Users\fsk16\MPLABXProjects\sleepmonitor\Hex_to_Decimal.asm
               result3low   0x000024       data     static C:\Users\fsk16\MPLABXProjects\sleepmonitor\Hex_to_Decimal.asm
       result3lowermiddle   0x000025       data     static C:\Users\fsk16\MPLABXProjects\sleepmonitor\Hex_to_Decimal.asm
       result3uppermiddle   0x000026       data     static C:\Users\fsk16\MPLABXProjects\sleepmonitor\Hex_to_Decimal.asm
              result3high   0x000027       data     static C:\Users\fsk16\MPLABXProjects\sleepmonitor\Hex_to_Decimal.asm
           hexvoltagehigh   0x000028       data     static C:\Users\fsk16\MPLABXProjects\sleepmonitor\Hex_to_Decimal.asm
            hexvoltagelow   0x000029       data     static C:\Users\fsk16\MPLABXProjects\sleepmonitor\Hex_to_Decimal.asm
                    khigh   0x00002a       data     static C:\Users\fsk16\MPLABXProjects\sleepmonitor\Hex_to_Decimal.asm
                     klow   0x00002b       data     static C:\Users\fsk16\MPLABXProjects\sleepmonitor\Hex_to_Decimal.asm
                 voltage1   0x00002c       data     static C:\Users\fsk16\MPLABXProjects\sleepmonitor\Hex_to_Decimal.asm
                 voltage2   0x00002d       data     static C:\Users\fsk16\MPLABXProjects\sleepmonitor\Hex_to_Decimal.asm
                 voltage3   0x00002e       data     static C:\Users\fsk16\MPLABXProjects\sleepmonitor\Hex_to_Decimal.asm
                 voltage4   0x00002f       data     static C:\Users\fsk16\MPLABXProjects\sleepmonitor\Hex_to_Decimal.asm
             UART_counter   0x000030       data     static C:\Users\fsk16\MPLABXProjects\sleepmonitor\UART.asm
              LCD_hex_tmp   0x000031       data     static C:\Users\fsk16\MPLABXProjects\sleepmonitor\LCD.asm
              LCD_dec_tmp   0x000032       data     static C:\Users\fsk16\MPLABXProjects\sleepmonitor\LCD.asm


