MPLINK 5.09, LINKER
Linker Map File - Created Fri Nov 09 10:20:09 2018

                                 Section Info
                  Section       Type    Address   Location Size(Bytes)
                ---------  ---------  ---------  ---------  ---------
                      rst       code   0x000000    program   0x000004
                   .cinit    romdata   0x000004    program   0x000002
                     main       code   0x000006    program   0x00012e
                      hex       code   0x000134    program   0x00012e
                      LCD       code   0x000262    program   0x000110
                      ADC       code   0x000372    program   0x00001a
                    pdata       code   0x00038c    program   0x00000e
                     acs0      udata   0x000000       data   0x00003b
                  acs_ovr      udata   0x00003b       data   0x000002
                   tables      udata   0x000400       data   0x000080



                              Program Memory Usage 
                               Start         End      
                           ---------   ---------      
                            0x000000    0x000399      
            922 out of 132120 program addresses used, program memory utilization is 0%



                              Symbols - Sorted by Name
                     Name    Address   Location    Storage File                     
                ---------  ---------  ---------  --------- ---------                
                 ADC_Read   0x000384    program     extern C:\Users\fsk16\MPLABXProjects\sleepmonitor\ADC_read.asm
                ADC_Setup   0x000372    program     extern C:\Users\fsk16\MPLABXProjects\sleepmonitor\ADC_read.asm
                Hex_setup   0x000134    program     extern C:\Users\fsk16\MPLABXProjects\sleepmonitor\Hex_to_Decimal.asm
               LCD_Enable   0x000322    program     static C:\Users\fsk16\MPLABXProjects\sleepmonitor\LCD.asm
              LCD_Hex_Nib   0x0002c2    program     static C:\Users\fsk16\MPLABXProjects\sleepmonitor\LCD.asm
         LCD_Loop_message   0x0002d8    program     static C:\Users\fsk16\MPLABXProjects\sleepmonitor\LCD.asm
          LCD_Send_Byte_D   0x000300    program     static C:\Users\fsk16\MPLABXProjects\sleepmonitor\LCD.asm
          LCD_Send_Byte_I   0x0002e4    program     static C:\Users\fsk16\MPLABXProjects\sleepmonitor\LCD.asm
             LCD_Send_Nib   0x0002f2    program     static C:\Users\fsk16\MPLABXProjects\sleepmonitor\LCD.asm
                LCD_Setup   0x000262    program     extern C:\Users\fsk16\MPLABXProjects\sleepmonitor\LCD.asm
            LCD_Write_Hex   0x0002b8    program     extern C:\Users\fsk16\MPLABXProjects\sleepmonitor\LCD.asm
        LCD_Write_Message   0x0002d6    program     extern C:\Users\fsk16\MPLABXProjects\sleepmonitor\LCD.asm
                LCD_delay   0x000368    program     static C:\Users\fsk16\MPLABXProjects\sleepmonitor\LCD.asm
             LCD_delay_ms   0x000346    program     static C:\Users\fsk16\MPLABXProjects\sleepmonitor\LCD.asm
           LCD_delay_x4us   0x000354    program     static C:\Users\fsk16\MPLABXProjects\sleepmonitor\LCD.asm
                 adc_loop   0x000386    program     static C:\Users\fsk16\MPLABXProjects\sleepmonitor\ADC_read.asm
                    delay   0x00025c    program     static C:\Users\fsk16\MPLABXProjects\sleepmonitor\Hex_to_Decimal.asm
                    delay   0x00012e    program     static C:\Users\fsk16\MPLABXProjects\sleepmonitor\Interrupt.asm
                   lcdlp1   0x00036a    program     static C:\Users\fsk16\MPLABXProjects\sleepmonitor\LCD.asm
                   lcdlp2   0x000348    program     static C:\Users\fsk16\MPLABXProjects\sleepmonitor\LCD.asm
             measure_loop   0x000016    program     static C:\Users\fsk16\MPLABXProjects\sleepmonitor\Interrupt.asm
             measure_loop   0x000142    program     extern C:\Users\fsk16\MPLABXProjects\sleepmonitor\Hex_to_Decimal.asm
           multiply16by16   0x0000c0    program     static C:\Users\fsk16\MPLABXProjects\sleepmonitor\Interrupt.asm
           multiply16by16   0x0001ee    program     static C:\Users\fsk16\MPLABXProjects\sleepmonitor\Hex_to_Decimal.asm
            multiply8by16   0x000102    program     static C:\Users\fsk16\MPLABXProjects\sleepmonitor\Interrupt.asm
            multiply8by16   0x000230    program     static C:\Users\fsk16\MPLABXProjects\sleepmonitor\Hex_to_Decimal.asm
            multiply8by24   0x000092    program     static C:\Users\fsk16\MPLABXProjects\sleepmonitor\Interrupt.asm
            multiply8by24   0x0001c0    program     static C:\Users\fsk16\MPLABXProjects\sleepmonitor\Hex_to_Decimal.asm
                  myTable   0x00038c    program     static C:\Users\fsk16\MPLABXProjects\sleepmonitor\Interrupt.asm
                    setup   0x000006    program     static C:\Users\fsk16\MPLABXProjects\sleepmonitor\Interrupt.asm
                    start   0x000016    program     static C:\Users\fsk16\MPLABXProjects\sleepmonitor\Interrupt.asm
                LCD_cnt_h   0x00001c       data     static C:\Users\fsk16\MPLABXProjects\sleepmonitor\LCD.asm
                LCD_cnt_l   0x00001b       data     static C:\Users\fsk16\MPLABXProjects\sleepmonitor\LCD.asm
               LCD_cnt_ms   0x00001d       data     static C:\Users\fsk16\MPLABXProjects\sleepmonitor\LCD.asm
              LCD_counter   0x00001f       data     static C:\Users\fsk16\MPLABXProjects\sleepmonitor\LCD.asm
              LCD_dec_tmp   0x00003c       data     static C:\Users\fsk16\MPLABXProjects\sleepmonitor\LCD.asm
              LCD_hex_tmp   0x00003b       data     static C:\Users\fsk16\MPLABXProjects\sleepmonitor\LCD.asm
                  LCD_tmp   0x00001e       data     static C:\Users\fsk16\MPLABXProjects\sleepmonitor\LCD.asm
                  counter   0x000020       data     static C:\Users\fsk16\MPLABXProjects\sleepmonitor\Hex_to_Decimal.asm
                  counter   0x000000       data     static C:\Users\fsk16\MPLABXProjects\sleepmonitor\Interrupt.asm
              delay_count   0x000021       data     static C:\Users\fsk16\MPLABXProjects\sleepmonitor\Hex_to_Decimal.asm
              delay_count   0x000001       data     static C:\Users\fsk16\MPLABXProjects\sleepmonitor\Interrupt.asm
           hexvoltagehigh   0x000033       data     static C:\Users\fsk16\MPLABXProjects\sleepmonitor\Hex_to_Decimal.asm
           hexvoltagehigh   0x000013       data     static C:\Users\fsk16\MPLABXProjects\sleepmonitor\Interrupt.asm
            hexvoltagelow   0x000034       data     static C:\Users\fsk16\MPLABXProjects\sleepmonitor\Hex_to_Decimal.asm
            hexvoltagelow   0x000014       data     static C:\Users\fsk16\MPLABXProjects\sleepmonitor\Interrupt.asm
                    khigh   0x000035       data     static C:\Users\fsk16\MPLABXProjects\sleepmonitor\Hex_to_Decimal.asm
                    khigh   0x000015       data     static C:\Users\fsk16\MPLABXProjects\sleepmonitor\Interrupt.asm
                     klow   0x000016       data     static C:\Users\fsk16\MPLABXProjects\sleepmonitor\Interrupt.asm
                     klow   0x000036       data     static C:\Users\fsk16\MPLABXProjects\sleepmonitor\Hex_to_Decimal.asm
      multiplicationhigh1   0x000002       data     static C:\Users\fsk16\MPLABXProjects\sleepmonitor\Interrupt.asm
      multiplicationhigh1   0x000022       data     static C:\Users\fsk16\MPLABXProjects\sleepmonitor\Hex_to_Decimal.asm
      multiplicationhigh2   0x000004       data     static C:\Users\fsk16\MPLABXProjects\sleepmonitor\Interrupt.asm
      multiplicationhigh2   0x000024       data     static C:\Users\fsk16\MPLABXProjects\sleepmonitor\Hex_to_Decimal.asm
       multiplicationlow1   0x000003       data     static C:\Users\fsk16\MPLABXProjects\sleepmonitor\Interrupt.asm
       multiplicationlow1   0x000023       data     static C:\Users\fsk16\MPLABXProjects\sleepmonitor\Hex_to_Decimal.asm
       multiplicationlow2   0x000005       data     static C:\Users\fsk16\MPLABXProjects\sleepmonitor\Interrupt.asm
       multiplicationlow2   0x000025       data     static C:\Users\fsk16\MPLABXProjects\sleepmonitor\Hex_to_Decimal.asm
                  myArray   0x000400       data     static C:\Users\fsk16\MPLABXProjects\sleepmonitor\Interrupt.asm
              result1high   0x00000b       data     static C:\Users\fsk16\MPLABXProjects\sleepmonitor\Interrupt.asm
              result1high   0x00002b       data     static C:\Users\fsk16\MPLABXProjects\sleepmonitor\Hex_to_Decimal.asm
               result1low   0x000029       data     static C:\Users\fsk16\MPLABXProjects\sleepmonitor\Hex_to_Decimal.asm
               result1low   0x000009       data     static C:\Users\fsk16\MPLABXProjects\sleepmonitor\Interrupt.asm
            result1middle   0x00002a       data     static C:\Users\fsk16\MPLABXProjects\sleepmonitor\Hex_to_Decimal.asm
            result1middle   0x00000a       data     static C:\Users\fsk16\MPLABXProjects\sleepmonitor\Interrupt.asm
              result2high   0x00000e       data     static C:\Users\fsk16\MPLABXProjects\sleepmonitor\Interrupt.asm
              result2high   0x00002e       data     static C:\Users\fsk16\MPLABXProjects\sleepmonitor\Hex_to_Decimal.asm
               result2low   0x00002c       data     static C:\Users\fsk16\MPLABXProjects\sleepmonitor\Hex_to_Decimal.asm
               result2low   0x00000c       data     static C:\Users\fsk16\MPLABXProjects\sleepmonitor\Interrupt.asm
            result2middle   0x00002d       data     static C:\Users\fsk16\MPLABXProjects\sleepmonitor\Hex_to_Decimal.asm
            result2middle   0x00000d       data     static C:\Users\fsk16\MPLABXProjects\sleepmonitor\Interrupt.asm
              result3high   0x000032       data     static C:\Users\fsk16\MPLABXProjects\sleepmonitor\Hex_to_Decimal.asm
              result3high   0x000012       data     static C:\Users\fsk16\MPLABXProjects\sleepmonitor\Interrupt.asm
               result3low   0x00002f       data     static C:\Users\fsk16\MPLABXProjects\sleepmonitor\Hex_to_Decimal.asm
               result3low   0x00000f       data     static C:\Users\fsk16\MPLABXProjects\sleepmonitor\Interrupt.asm
       result3lowermiddle   0x000030       data     static C:\Users\fsk16\MPLABXProjects\sleepmonitor\Hex_to_Decimal.asm
       result3lowermiddle   0x000010       data     static C:\Users\fsk16\MPLABXProjects\sleepmonitor\Interrupt.asm
       result3uppermiddle   0x000031       data     static C:\Users\fsk16\MPLABXProjects\sleepmonitor\Hex_to_Decimal.asm
       result3uppermiddle   0x000011       data     static C:\Users\fsk16\MPLABXProjects\sleepmonitor\Interrupt.asm
               resulthigh   0x000028       data     static C:\Users\fsk16\MPLABXProjects\sleepmonitor\Hex_to_Decimal.asm
               resulthigh   0x000008       data     static C:\Users\fsk16\MPLABXProjects\sleepmonitor\Interrupt.asm
                resultlow   0x000026       data     static C:\Users\fsk16\MPLABXProjects\sleepmonitor\Hex_to_Decimal.asm
                resultlow   0x000006       data     static C:\Users\fsk16\MPLABXProjects\sleepmonitor\Interrupt.asm
             resultmiddle   0x000027       data     static C:\Users\fsk16\MPLABXProjects\sleepmonitor\Hex_to_Decimal.asm
             resultmiddle   0x000007       data     static C:\Users\fsk16\MPLABXProjects\sleepmonitor\Interrupt.asm
                 voltage1   0x000017       data     static C:\Users\fsk16\MPLABXProjects\sleepmonitor\Interrupt.asm
                 voltage1   0x000037       data     static C:\Users\fsk16\MPLABXProjects\sleepmonitor\Hex_to_Decimal.asm
                 voltage2   0x000018       data     static C:\Users\fsk16\MPLABXProjects\sleepmonitor\Interrupt.asm
                 voltage2   0x000038       data     static C:\Users\fsk16\MPLABXProjects\sleepmonitor\Hex_to_Decimal.asm
                 voltage3   0x000019       data     static C:\Users\fsk16\MPLABXProjects\sleepmonitor\Interrupt.asm
                 voltage3   0x000039       data     static C:\Users\fsk16\MPLABXProjects\sleepmonitor\Hex_to_Decimal.asm
                 voltage4   0x00001a       data     static C:\Users\fsk16\MPLABXProjects\sleepmonitor\Interrupt.asm
                 voltage4   0x00003a       data     static C:\Users\fsk16\MPLABXProjects\sleepmonitor\Hex_to_Decimal.asm



                              Symbols - Sorted by Address
                     Name    Address   Location    Storage File                     
                ---------  ---------  ---------  --------- ---------                
                    setup   0x000006    program     static C:\Users\fsk16\MPLABXProjects\sleepmonitor\Interrupt.asm
                    start   0x000016    program     static C:\Users\fsk16\MPLABXProjects\sleepmonitor\Interrupt.asm
             measure_loop   0x000016    program     static C:\Users\fsk16\MPLABXProjects\sleepmonitor\Interrupt.asm
            multiply8by24   0x000092    program     static C:\Users\fsk16\MPLABXProjects\sleepmonitor\Interrupt.asm
           multiply16by16   0x0000c0    program     static C:\Users\fsk16\MPLABXProjects\sleepmonitor\Interrupt.asm
            multiply8by16   0x000102    program     static C:\Users\fsk16\MPLABXProjects\sleepmonitor\Interrupt.asm
                    delay   0x00012e    program     static C:\Users\fsk16\MPLABXProjects\sleepmonitor\Interrupt.asm
                Hex_setup   0x000134    program     extern C:\Users\fsk16\MPLABXProjects\sleepmonitor\Hex_to_Decimal.asm
             measure_loop   0x000142    program     extern C:\Users\fsk16\MPLABXProjects\sleepmonitor\Hex_to_Decimal.asm
            multiply8by24   0x0001c0    program     static C:\Users\fsk16\MPLABXProjects\sleepmonitor\Hex_to_Decimal.asm
           multiply16by16   0x0001ee    program     static C:\Users\fsk16\MPLABXProjects\sleepmonitor\Hex_to_Decimal.asm
            multiply8by16   0x000230    program     static C:\Users\fsk16\MPLABXProjects\sleepmonitor\Hex_to_Decimal.asm
                    delay   0x00025c    program     static C:\Users\fsk16\MPLABXProjects\sleepmonitor\Hex_to_Decimal.asm
                LCD_Setup   0x000262    program     extern C:\Users\fsk16\MPLABXProjects\sleepmonitor\LCD.asm
            LCD_Write_Hex   0x0002b8    program     extern C:\Users\fsk16\MPLABXProjects\sleepmonitor\LCD.asm
              LCD_Hex_Nib   0x0002c2    program     static C:\Users\fsk16\MPLABXProjects\sleepmonitor\LCD.asm
        LCD_Write_Message   0x0002d6    program     extern C:\Users\fsk16\MPLABXProjects\sleepmonitor\LCD.asm
         LCD_Loop_message   0x0002d8    program     static C:\Users\fsk16\MPLABXProjects\sleepmonitor\LCD.asm
          LCD_Send_Byte_I   0x0002e4    program     static C:\Users\fsk16\MPLABXProjects\sleepmonitor\LCD.asm
             LCD_Send_Nib   0x0002f2    program     static C:\Users\fsk16\MPLABXProjects\sleepmonitor\LCD.asm
          LCD_Send_Byte_D   0x000300    program     static C:\Users\fsk16\MPLABXProjects\sleepmonitor\LCD.asm
               LCD_Enable   0x000322    program     static C:\Users\fsk16\MPLABXProjects\sleepmonitor\LCD.asm
             LCD_delay_ms   0x000346    program     static C:\Users\fsk16\MPLABXProjects\sleepmonitor\LCD.asm
                   lcdlp2   0x000348    program     static C:\Users\fsk16\MPLABXProjects\sleepmonitor\LCD.asm
           LCD_delay_x4us   0x000354    program     static C:\Users\fsk16\MPLABXProjects\sleepmonitor\LCD.asm
                LCD_delay   0x000368    program     static C:\Users\fsk16\MPLABXProjects\sleepmonitor\LCD.asm
                   lcdlp1   0x00036a    program     static C:\Users\fsk16\MPLABXProjects\sleepmonitor\LCD.asm
                ADC_Setup   0x000372    program     extern C:\Users\fsk16\MPLABXProjects\sleepmonitor\ADC_read.asm
                 ADC_Read   0x000384    program     extern C:\Users\fsk16\MPLABXProjects\sleepmonitor\ADC_read.asm
                 adc_loop   0x000386    program     static C:\Users\fsk16\MPLABXProjects\sleepmonitor\ADC_read.asm
                  myTable   0x00038c    program     static C:\Users\fsk16\MPLABXProjects\sleepmonitor\Interrupt.asm
                  counter   0x000000       data     static C:\Users\fsk16\MPLABXProjects\sleepmonitor\Interrupt.asm
              delay_count   0x000001       data     static C:\Users\fsk16\MPLABXProjects\sleepmonitor\Interrupt.asm
      multiplicationhigh1   0x000002       data     static C:\Users\fsk16\MPLABXProjects\sleepmonitor\Interrupt.asm
       multiplicationlow1   0x000003       data     static C:\Users\fsk16\MPLABXProjects\sleepmonitor\Interrupt.asm
      multiplicationhigh2   0x000004       data     static C:\Users\fsk16\MPLABXProjects\sleepmonitor\Interrupt.asm
       multiplicationlow2   0x000005       data     static C:\Users\fsk16\MPLABXProjects\sleepmonitor\Interrupt.asm
                resultlow   0x000006       data     static C:\Users\fsk16\MPLABXProjects\sleepmonitor\Interrupt.asm
             resultmiddle   0x000007       data     static C:\Users\fsk16\MPLABXProjects\sleepmonitor\Interrupt.asm
               resulthigh   0x000008       data     static C:\Users\fsk16\MPLABXProjects\sleepmonitor\Interrupt.asm
               result1low   0x000009       data     static C:\Users\fsk16\MPLABXProjects\sleepmonitor\Interrupt.asm
            result1middle   0x00000a       data     static C:\Users\fsk16\MPLABXProjects\sleepmonitor\Interrupt.asm
              result1high   0x00000b       data     static C:\Users\fsk16\MPLABXProjects\sleepmonitor\Interrupt.asm
               result2low   0x00000c       data     static C:\Users\fsk16\MPLABXProjects\sleepmonitor\Interrupt.asm
            result2middle   0x00000d       data     static C:\Users\fsk16\MPLABXProjects\sleepmonitor\Interrupt.asm
              result2high   0x00000e       data     static C:\Users\fsk16\MPLABXProjects\sleepmonitor\Interrupt.asm
               result3low   0x00000f       data     static C:\Users\fsk16\MPLABXProjects\sleepmonitor\Interrupt.asm
       result3lowermiddle   0x000010       data     static C:\Users\fsk16\MPLABXProjects\sleepmonitor\Interrupt.asm
       result3uppermiddle   0x000011       data     static C:\Users\fsk16\MPLABXProjects\sleepmonitor\Interrupt.asm
              result3high   0x000012       data     static C:\Users\fsk16\MPLABXProjects\sleepmonitor\Interrupt.asm
           hexvoltagehigh   0x000013       data     static C:\Users\fsk16\MPLABXProjects\sleepmonitor\Interrupt.asm
            hexvoltagelow   0x000014       data     static C:\Users\fsk16\MPLABXProjects\sleepmonitor\Interrupt.asm
                    khigh   0x000015       data     static C:\Users\fsk16\MPLABXProjects\sleepmonitor\Interrupt.asm
                     klow   0x000016       data     static C:\Users\fsk16\MPLABXProjects\sleepmonitor\Interrupt.asm
                 voltage1   0x000017       data     static C:\Users\fsk16\MPLABXProjects\sleepmonitor\Interrupt.asm
                 voltage2   0x000018       data     static C:\Users\fsk16\MPLABXProjects\sleepmonitor\Interrupt.asm
                 voltage3   0x000019       data     static C:\Users\fsk16\MPLABXProjects\sleepmonitor\Interrupt.asm
                 voltage4   0x00001a       data     static C:\Users\fsk16\MPLABXProjects\sleepmonitor\Interrupt.asm
                LCD_cnt_l   0x00001b       data     static C:\Users\fsk16\MPLABXProjects\sleepmonitor\LCD.asm
                LCD_cnt_h   0x00001c       data     static C:\Users\fsk16\MPLABXProjects\sleepmonitor\LCD.asm
               LCD_cnt_ms   0x00001d       data     static C:\Users\fsk16\MPLABXProjects\sleepmonitor\LCD.asm
                  LCD_tmp   0x00001e       data     static C:\Users\fsk16\MPLABXProjects\sleepmonitor\LCD.asm
              LCD_counter   0x00001f       data     static C:\Users\fsk16\MPLABXProjects\sleepmonitor\LCD.asm
                  counter   0x000020       data     static C:\Users\fsk16\MPLABXProjects\sleepmonitor\Hex_to_Decimal.asm
              delay_count   0x000021       data     static C:\Users\fsk16\MPLABXProjects\sleepmonitor\Hex_to_Decimal.asm
      multiplicationhigh1   0x000022       data     static C:\Users\fsk16\MPLABXProjects\sleepmonitor\Hex_to_Decimal.asm
       multiplicationlow1   0x000023       data     static C:\Users\fsk16\MPLABXProjects\sleepmonitor\Hex_to_Decimal.asm
      multiplicationhigh2   0x000024       data     static C:\Users\fsk16\MPLABXProjects\sleepmonitor\Hex_to_Decimal.asm
       multiplicationlow2   0x000025       data     static C:\Users\fsk16\MPLABXProjects\sleepmonitor\Hex_to_Decimal.asm
                resultlow   0x000026       data     static C:\Users\fsk16\MPLABXProjects\sleepmonitor\Hex_to_Decimal.asm
             resultmiddle   0x000027       data     static C:\Users\fsk16\MPLABXProjects\sleepmonitor\Hex_to_Decimal.asm
               resulthigh   0x000028       data     static C:\Users\fsk16\MPLABXProjects\sleepmonitor\Hex_to_Decimal.asm
               result1low   0x000029       data     static C:\Users\fsk16\MPLABXProjects\sleepmonitor\Hex_to_Decimal.asm
            result1middle   0x00002a       data     static C:\Users\fsk16\MPLABXProjects\sleepmonitor\Hex_to_Decimal.asm
              result1high   0x00002b       data     static C:\Users\fsk16\MPLABXProjects\sleepmonitor\Hex_to_Decimal.asm
               result2low   0x00002c       data     static C:\Users\fsk16\MPLABXProjects\sleepmonitor\Hex_to_Decimal.asm
            result2middle   0x00002d       data     static C:\Users\fsk16\MPLABXProjects\sleepmonitor\Hex_to_Decimal.asm
              result2high   0x00002e       data     static C:\Users\fsk16\MPLABXProjects\sleepmonitor\Hex_to_Decimal.asm
               result3low   0x00002f       data     static C:\Users\fsk16\MPLABXProjects\sleepmonitor\Hex_to_Decimal.asm
       result3lowermiddle   0x000030       data     static C:\Users\fsk16\MPLABXProjects\sleepmonitor\Hex_to_Decimal.asm
       result3uppermiddle   0x000031       data     static C:\Users\fsk16\MPLABXProjects\sleepmonitor\Hex_to_Decimal.asm
              result3high   0x000032       data     static C:\Users\fsk16\MPLABXProjects\sleepmonitor\Hex_to_Decimal.asm
           hexvoltagehigh   0x000033       data     static C:\Users\fsk16\MPLABXProjects\sleepmonitor\Hex_to_Decimal.asm
            hexvoltagelow   0x000034       data     static C:\Users\fsk16\MPLABXProjects\sleepmonitor\Hex_to_Decimal.asm
                    khigh   0x000035       data     static C:\Users\fsk16\MPLABXProjects\sleepmonitor\Hex_to_Decimal.asm
                     klow   0x000036       data     static C:\Users\fsk16\MPLABXProjects\sleepmonitor\Hex_to_Decimal.asm
                 voltage1   0x000037       data     static C:\Users\fsk16\MPLABXProjects\sleepmonitor\Hex_to_Decimal.asm
                 voltage2   0x000038       data     static C:\Users\fsk16\MPLABXProjects\sleepmonitor\Hex_to_Decimal.asm
                 voltage3   0x000039       data     static C:\Users\fsk16\MPLABXProjects\sleepmonitor\Hex_to_Decimal.asm
                 voltage4   0x00003a       data     static C:\Users\fsk16\MPLABXProjects\sleepmonitor\Hex_to_Decimal.asm
              LCD_hex_tmp   0x00003b       data     static C:\Users\fsk16\MPLABXProjects\sleepmonitor\LCD.asm
              LCD_dec_tmp   0x00003c       data     static C:\Users\fsk16\MPLABXProjects\sleepmonitor\LCD.asm
                  myArray   0x000400       data     static C:\Users\fsk16\MPLABXProjects\sleepmonitor\Interrupt.asm


